[debug] [2025-12-30T12:37:19.555Z] ----------------------------------------------------------------------
[debug] [2025-12-30T12:37:19.562Z] Command:       /Users/theojohnsosa/.nvm/versions/node/v22.19.0/bin/node /Users/theojohnsosa/.nvm/versions/node/v22.19.0/bin/firebase emulators:start --only auth
[debug] [2025-12-30T12:37:19.562Z] CLI Version:   15.1.0
[debug] [2025-12-30T12:37:19.562Z] Platform:      darwin
[debug] [2025-12-30T12:37:19.562Z] Node Version:  v22.19.0
[debug] [2025-12-30T12:37:19.562Z] Time:          Tue Dec 30 2025 20:37:19 GMT+0800 (Philippine Standard Time)
[debug] [2025-12-30T12:37:19.562Z] ----------------------------------------------------------------------
[debug] 
[debug] [2025-12-30T12:37:19.563Z] >>> [apiv2][query] GET https://firebase-public.firebaseio.com/cli.json [none]
[debug] [2025-12-30T12:37:20.172Z] > command requires scopes: ["email","openid","https://www.googleapis.com/auth/cloudplatformprojects.readonly","https://www.googleapis.com/auth/firebase","https://www.googleapis.com/auth/cloud-platform"]
[debug] Failed to authenticate, have you run firebase login?
[warn] ⚠  emulators: You are not currently authenticated so some features may not work correctly. Please run firebase login to authenticate the CLI. 
[warn] ⚠  Could not find config (firebase.json) so using defaults. 
[info] i  emulators: Starting emulators: auth {"metadata":{"emulator":{"name":"hub"},"message":"Starting emulators: auth"}}
[info] i  emulators: Detected demo project ID "demo-no-project", emulated services will use a demo configuration and attempts to access non-emulated services for this project will fail. {"metadata":{"emulator":{"name":"hub"},"message":"Detected demo project ID \"demo-no-project\", emulated services will use a demo configuration and attempts to access non-emulated services for this project will fail."}}
[debug] [2025-12-30T12:37:20.362Z] [logging] Logging Emulator only supports listening on one address (127.0.0.1). Not listening on ::1
[debug] [2025-12-30T12:37:20.362Z] [auth] Authentication Emulator only supports listening on one address (127.0.0.1). Not listening on ::1
[debug] [2025-12-30T12:37:20.362Z] assigned listening specs for emulators {"user":{"hub":[{"address":"127.0.0.1","family":"IPv4","port":4400},{"address":"::1","family":"IPv6","port":4400}],"ui":[{"address":"127.0.0.1","family":"IPv4","port":4000},{"address":"::1","family":"IPv6","port":4000}],"logging":[{"address":"127.0.0.1","family":"IPv4","port":4500}],"auth":[{"address":"127.0.0.1","family":"IPv4","port":9099}]},"metadata":{"message":"assigned listening specs for emulators"}}
[debug] [2025-12-30T12:37:20.364Z] Emulator locator file path: /var/folders/gd/y4mm_j5j0_z6rxygdrvdl0fc0000gn/T/hub-demo-no-project.json
[debug] [2025-12-30T12:37:20.365Z] [hub] writing locator at /var/folders/gd/y4mm_j5j0_z6rxygdrvdl0fc0000gn/T/hub-demo-no-project.json
[info] i  ui: downloading ui-v1.15.0.zip... {"metadata":{"emulator":{"name":"ui"},"message":"downloading ui-v1.15.0.zip..."}}
[debug] [2025-12-30T12:37:22.932Z] >>> [apiv2][query] GET https://storage.googleapis.com/firebase-preview-drop/emulator/ui-v1.15.0.zip 
[debug] [2025-12-30T12:37:23.117Z] <<< [apiv2][status] GET https://firebase-public.firebaseio.com/cli.json 200
[debug] [2025-12-30T12:37:23.118Z] <<< [apiv2][body] GET https://firebase-public.firebaseio.com/cli.json {"cloudBuildErrorAfter":1594252800000,"cloudBuildWarnAfter":1590019200000,"defaultNode10After":1594252800000,"minVersion":"3.0.5","node8DeploysDisabledAfter":1613390400000,"node8RuntimeDisabledAfter":1615809600000,"node8WarnAfter":1600128000000}
[debug] [2025-12-30T12:37:23.304Z] <<< [apiv2][status] GET https://storage.googleapis.com/firebase-preview-drop/emulator/ui-v1.15.0.zip 200
[debug] [2025-12-30T12:37:23.304Z] <<< [apiv2][body] GET https://storage.googleapis.com/firebase-preview-drop/emulator/ui-v1.15.0.zip [stream]
[debug] [2025-12-30T12:37:23.428Z] Data is 3538469
[debug] [2025-12-30T12:37:23.428Z] [unzip] Entry: client/ (compressed_size=0 bytes, uncompressed_size=0 bytes)
[debug] [2025-12-30T12:37:23.428Z] [unzip] Processing entry: client/
[debug] [2025-12-30T12:37:23.428Z] [unzip] mkdir: /Users/theojohnsosa/.cache/firebase/emulators/ui-v1.15.0/client/
[debug] [2025-12-30T12:37:23.429Z] [unzip] Entry: client/favicon-16x16.png (compressed_size=293 bytes, uncompressed_size=293 bytes)
[debug] [2025-12-30T12:37:23.429Z] [unzip] Processing entry: client/favicon-16x16.png
[debug] [2025-12-30T12:37:23.429Z] [unzip] else mkdir: /Users/theojohnsosa/.cache/firebase/emulators/ui-v1.15.0/client
[debug] [2025-12-30T12:37:23.429Z] [unzip] Writing file: /Users/theojohnsosa/.cache/firebase/emulators/ui-v1.15.0/client/favicon-16x16.png
[debug] [2025-12-30T12:37:23.429Z] [unzip] Entry: client/safari-pinned-tab.svg (compressed_size=1433 bytes, uncompressed_size=2611 bytes)
[debug] [2025-12-30T12:37:23.429Z] [unzip] Processing entry: client/safari-pinned-tab.svg
[debug] [2025-12-30T12:37:23.429Z] [unzip] else mkdir: /Users/theojohnsosa/.cache/firebase/emulators/ui-v1.15.0/client
[debug] [2025-12-30T12:37:23.429Z] [unzip] deflating: /Users/theojohnsosa/.cache/firebase/emulators/ui-v1.15.0/client/safari-pinned-tab.svg
[debug] [2025-12-30T12:37:23.432Z] [unzip] Entry: client/favicon.ico (compressed_size=2933 bytes, uncompressed_size=13294 bytes)
[debug] [2025-12-30T12:37:23.432Z] [unzip] Processing entry: client/favicon.ico
[debug] [2025-12-30T12:37:23.432Z] [unzip] else mkdir: /Users/theojohnsosa/.cache/firebase/emulators/ui-v1.15.0/client
[debug] [2025-12-30T12:37:23.432Z] [unzip] deflating: /Users/theojohnsosa/.cache/firebase/emulators/ui-v1.15.0/client/favicon.ico
[debug] [2025-12-30T12:37:23.433Z] [unzip] Entry: client/index.html (compressed_size=1364 bytes, uncompressed_size=3071 bytes)
[debug] [2025-12-30T12:37:23.433Z] [unzip] Processing entry: client/index.html
[debug] [2025-12-30T12:37:23.433Z] [unzip] else mkdir: /Users/theojohnsosa/.cache/firebase/emulators/ui-v1.15.0/client
[debug] [2025-12-30T12:37:23.433Z] [unzip] deflating: /Users/theojohnsosa/.cache/firebase/emulators/ui-v1.15.0/client/index.html
[debug] [2025-12-30T12:37:23.433Z] [unzip] Entry: client/android-chrome-192x192.png (compressed_size=2684 bytes, uncompressed_size=2684 bytes)
[debug] [2025-12-30T12:37:23.433Z] [unzip] Processing entry: client/android-chrome-192x192.png
[debug] [2025-12-30T12:37:23.433Z] [unzip] else mkdir: /Users/theojohnsosa/.cache/firebase/emulators/ui-v1.15.0/client
[debug] [2025-12-30T12:37:23.433Z] [unzip] Writing file: /Users/theojohnsosa/.cache/firebase/emulators/ui-v1.15.0/client/android-chrome-192x192.png
[debug] [2025-12-30T12:37:23.433Z] [unzip] Entry: client/apple-touch-icon.png (compressed_size=2123 bytes, uncompressed_size=2152 bytes)
[debug] [2025-12-30T12:37:23.434Z] [unzip] Processing entry: client/apple-touch-icon.png
[debug] [2025-12-30T12:37:23.434Z] [unzip] else mkdir: /Users/theojohnsosa/.cache/firebase/emulators/ui-v1.15.0/client
[debug] [2025-12-30T12:37:23.434Z] [unzip] deflating: /Users/theojohnsosa/.cache/firebase/emulators/ui-v1.15.0/client/apple-touch-icon.png
[debug] [2025-12-30T12:37:23.434Z] [unzip] Entry: client/android-chrome-512x512.png (compressed_size=5369 bytes, uncompressed_size=5411 bytes)
[debug] [2025-12-30T12:37:23.434Z] [unzip] Processing entry: client/android-chrome-512x512.png
[debug] [2025-12-30T12:37:23.434Z] [unzip] else mkdir: /Users/theojohnsosa/.cache/firebase/emulators/ui-v1.15.0/client
[debug] [2025-12-30T12:37:23.434Z] [unzip] deflating: /Users/theojohnsosa/.cache/firebase/emulators/ui-v1.15.0/client/android-chrome-512x512.png
[debug] [2025-12-30T12:37:23.434Z] [unzip] Entry: client/manifest.json (compressed_size=245 bytes, uncompressed_size=551 bytes)
[debug] [2025-12-30T12:37:23.434Z] [unzip] Processing entry: client/manifest.json
[debug] [2025-12-30T12:37:23.434Z] [unzip] else mkdir: /Users/theojohnsosa/.cache/firebase/emulators/ui-v1.15.0/client
[debug] [2025-12-30T12:37:23.434Z] [unzip] deflating: /Users/theojohnsosa/.cache/firebase/emulators/ui-v1.15.0/client/manifest.json
[debug] [2025-12-30T12:37:23.435Z] [unzip] Entry: client/robots.txt (compressed_size=26 bytes, uncompressed_size=26 bytes)
[debug] [2025-12-30T12:37:23.435Z] [unzip] Processing entry: client/robots.txt
[debug] [2025-12-30T12:37:23.435Z] [unzip] else mkdir: /Users/theojohnsosa/.cache/firebase/emulators/ui-v1.15.0/client
[debug] [2025-12-30T12:37:23.435Z] [unzip] Writing file: /Users/theojohnsosa/.cache/firebase/emulators/ui-v1.15.0/client/robots.txt
[debug] [2025-12-30T12:37:23.435Z] [unzip] Entry: client/mstile-150x150.png (compressed_size=2034 bytes, uncompressed_size=2034 bytes)
[debug] [2025-12-30T12:37:23.435Z] [unzip] Processing entry: client/mstile-150x150.png
[debug] [2025-12-30T12:37:23.435Z] [unzip] else mkdir: /Users/theojohnsosa/.cache/firebase/emulators/ui-v1.15.0/client
[debug] [2025-12-30T12:37:23.435Z] [unzip] Writing file: /Users/theojohnsosa/.cache/firebase/emulators/ui-v1.15.0/client/mstile-150x150.png
[debug] [2025-12-30T12:37:23.435Z] [unzip] Entry: client/assets/ (compressed_size=0 bytes, uncompressed_size=0 bytes)
[debug] [2025-12-30T12:37:23.435Z] [unzip] Processing entry: client/assets/
[debug] [2025-12-30T12:37:23.435Z] [unzip] mkdir: /Users/theojohnsosa/.cache/firebase/emulators/ui-v1.15.0/client/assets/
[debug] [2025-12-30T12:37:23.436Z] [unzip] Entry: client/assets/index-BX-A56oj.js (compressed_size=582089 bytes, uncompressed_size=2092775 bytes)
[debug] [2025-12-30T12:37:23.436Z] [unzip] Processing entry: client/assets/index-BX-A56oj.js
[debug] [2025-12-30T12:37:23.436Z] [unzip] else mkdir: /Users/theojohnsosa/.cache/firebase/emulators/ui-v1.15.0/client/assets
[debug] [2025-12-30T12:37:23.436Z] [unzip] deflating: /Users/theojohnsosa/.cache/firebase/emulators/ui-v1.15.0/client/assets/index-BX-A56oj.js
[debug] [2025-12-30T12:37:23.442Z] [unzip] Entry: client/assets/index-CjB9C900.css (compressed_size=35979 bytes, uncompressed_size=298654 bytes)
[debug] [2025-12-30T12:37:23.442Z] [unzip] Processing entry: client/assets/index-CjB9C900.css
[debug] [2025-12-30T12:37:23.442Z] [unzip] else mkdir: /Users/theojohnsosa/.cache/firebase/emulators/ui-v1.15.0/client/assets
[debug] [2025-12-30T12:37:23.442Z] [unzip] deflating: /Users/theojohnsosa/.cache/firebase/emulators/ui-v1.15.0/client/assets/index-CjB9C900.css
[debug] [2025-12-30T12:37:23.443Z] [unzip] Entry: client/assets/index-BX-A56oj.js.map (compressed_size=2362482 bytes, uncompressed_size=10036679 bytes)
[debug] [2025-12-30T12:37:23.443Z] [unzip] Processing entry: client/assets/index-BX-A56oj.js.map
[debug] [2025-12-30T12:37:23.443Z] [unzip] else mkdir: /Users/theojohnsosa/.cache/firebase/emulators/ui-v1.15.0/client/assets
[debug] [2025-12-30T12:37:23.443Z] [unzip] deflating: /Users/theojohnsosa/.cache/firebase/emulators/ui-v1.15.0/client/assets/index-BX-A56oj.js.map
[debug] [2025-12-30T12:37:23.472Z] [unzip] Entry: client/assets/extensions/ (compressed_size=0 bytes, uncompressed_size=0 bytes)
[debug] [2025-12-30T12:37:23.473Z] [unzip] Processing entry: client/assets/extensions/
[debug] [2025-12-30T12:37:23.473Z] [unzip] mkdir: /Users/theojohnsosa/.cache/firebase/emulators/ui-v1.15.0/client/assets/extensions/
[debug] [2025-12-30T12:37:23.473Z] [unzip] Entry: client/assets/extensions/default-extension.png (compressed_size=1646 bytes, uncompressed_size=1657 bytes)
[debug] [2025-12-30T12:37:23.473Z] [unzip] Processing entry: client/assets/extensions/default-extension.png
[debug] [2025-12-30T12:37:23.473Z] [unzip] else mkdir: /Users/theojohnsosa/.cache/firebase/emulators/ui-v1.15.0/client/assets/extensions
[debug] [2025-12-30T12:37:23.473Z] [unzip] deflating: /Users/theojohnsosa/.cache/firebase/emulators/ui-v1.15.0/client/assets/extensions/default-extension.png
[debug] [2025-12-30T12:37:23.473Z] [unzip] Entry: client/assets/img/ (compressed_size=0 bytes, uncompressed_size=0 bytes)
[debug] [2025-12-30T12:37:23.473Z] [unzip] Processing entry: client/assets/img/
[debug] [2025-12-30T12:37:23.473Z] [unzip] mkdir: /Users/theojohnsosa/.cache/firebase/emulators/ui-v1.15.0/client/assets/img/
[debug] [2025-12-30T12:37:23.473Z] [unzip] Entry: client/assets/img/database.png (compressed_size=29449 bytes, uncompressed_size=29988 bytes)
[debug] [2025-12-30T12:37:23.473Z] [unzip] Processing entry: client/assets/img/database.png
[debug] [2025-12-30T12:37:23.473Z] [unzip] else mkdir: /Users/theojohnsosa/.cache/firebase/emulators/ui-v1.15.0/client/assets/img
[debug] [2025-12-30T12:37:23.473Z] [unzip] deflating: /Users/theojohnsosa/.cache/firebase/emulators/ui-v1.15.0/client/assets/img/database.png
[debug] [2025-12-30T12:37:23.474Z] [unzip] Entry: client/assets/provider-icons/ (compressed_size=0 bytes, uncompressed_size=0 bytes)
[debug] [2025-12-30T12:37:23.474Z] [unzip] Processing entry: client/assets/provider-icons/
[debug] [2025-12-30T12:37:23.474Z] [unzip] mkdir: /Users/theojohnsosa/.cache/firebase/emulators/ui-v1.15.0/client/assets/provider-icons/
[debug] [2025-12-30T12:37:23.474Z] [unzip] Entry: client/assets/provider-icons/auth_service_saml.svg (compressed_size=575 bytes, uncompressed_size=1226 bytes)
[debug] [2025-12-30T12:37:23.474Z] [unzip] Processing entry: client/assets/provider-icons/auth_service_saml.svg
[debug] [2025-12-30T12:37:23.474Z] [unzip] else mkdir: /Users/theojohnsosa/.cache/firebase/emulators/ui-v1.15.0/client/assets/provider-icons
[debug] [2025-12-30T12:37:23.474Z] [unzip] deflating: /Users/theojohnsosa/.cache/firebase/emulators/ui-v1.15.0/client/assets/provider-icons/auth_service_saml.svg
[debug] [2025-12-30T12:37:23.474Z] [unzip] Entry: client/assets/provider-icons/auth_service_phone.svg (compressed_size=261 bytes, uncompressed_size=414 bytes)
[debug] [2025-12-30T12:37:23.474Z] [unzip] Processing entry: client/assets/provider-icons/auth_service_phone.svg
[debug] [2025-12-30T12:37:23.474Z] [unzip] else mkdir: /Users/theojohnsosa/.cache/firebase/emulators/ui-v1.15.0/client/assets/provider-icons
[debug] [2025-12-30T12:37:23.474Z] [unzip] deflating: /Users/theojohnsosa/.cache/firebase/emulators/ui-v1.15.0/client/assets/provider-icons/auth_service_phone.svg
[debug] [2025-12-30T12:37:23.475Z] [unzip] Entry: client/assets/provider-icons/auth_service_facebook.svg (compressed_size=289 bytes, uncompressed_size=457 bytes)
[debug] [2025-12-30T12:37:23.475Z] [unzip] Processing entry: client/assets/provider-icons/auth_service_facebook.svg
[debug] [2025-12-30T12:37:23.475Z] [unzip] else mkdir: /Users/theojohnsosa/.cache/firebase/emulators/ui-v1.15.0/client/assets/provider-icons
[debug] [2025-12-30T12:37:23.475Z] [unzip] deflating: /Users/theojohnsosa/.cache/firebase/emulators/ui-v1.15.0/client/assets/provider-icons/auth_service_facebook.svg
[debug] [2025-12-30T12:37:23.475Z] [unzip] Entry: client/assets/provider-icons/auth_service_game_center.svg (compressed_size=991 bytes, uncompressed_size=3921 bytes)
[debug] [2025-12-30T12:37:23.475Z] [unzip] Processing entry: client/assets/provider-icons/auth_service_game_center.svg
[debug] [2025-12-30T12:37:23.475Z] [unzip] else mkdir: /Users/theojohnsosa/.cache/firebase/emulators/ui-v1.15.0/client/assets/provider-icons
[debug] [2025-12-30T12:37:23.475Z] [unzip] deflating: /Users/theojohnsosa/.cache/firebase/emulators/ui-v1.15.0/client/assets/provider-icons/auth_service_game_center.svg
[debug] [2025-12-30T12:37:23.475Z] [unzip] Entry: client/assets/provider-icons/auth_service_apple.svg (compressed_size=230 bytes, uncompressed_size=334 bytes)
[debug] [2025-12-30T12:37:23.475Z] [unzip] Processing entry: client/assets/provider-icons/auth_service_apple.svg
[debug] [2025-12-30T12:37:23.475Z] [unzip] else mkdir: /Users/theojohnsosa/.cache/firebase/emulators/ui-v1.15.0/client/assets/provider-icons
[debug] [2025-12-30T12:37:23.475Z] [unzip] deflating: /Users/theojohnsosa/.cache/firebase/emulators/ui-v1.15.0/client/assets/provider-icons/auth_service_apple.svg
[debug] [2025-12-30T12:37:23.476Z] [unzip] Entry: client/assets/provider-icons/auth_service_github.svg (compressed_size=466 bytes, uncompressed_size=838 bytes)
[debug] [2025-12-30T12:37:23.476Z] [unzip] Processing entry: client/assets/provider-icons/auth_service_github.svg
[debug] [2025-12-30T12:37:23.476Z] [unzip] else mkdir: /Users/theojohnsosa/.cache/firebase/emulators/ui-v1.15.0/client/assets/provider-icons
[debug] [2025-12-30T12:37:23.476Z] [unzip] deflating: /Users/theojohnsosa/.cache/firebase/emulators/ui-v1.15.0/client/assets/provider-icons/auth_service_github.svg
[debug] [2025-12-30T12:37:23.476Z] [unzip] Entry: client/assets/provider-icons/auth_service_mslive.svg (compressed_size=203 bytes, uncompressed_size=378 bytes)
[debug] [2025-12-30T12:37:23.476Z] [unzip] Processing entry: client/assets/provider-icons/auth_service_mslive.svg
[debug] [2025-12-30T12:37:23.476Z] [unzip] else mkdir: /Users/theojohnsosa/.cache/firebase/emulators/ui-v1.15.0/client/assets/provider-icons
[debug] [2025-12-30T12:37:23.476Z] [unzip] deflating: /Users/theojohnsosa/.cache/firebase/emulators/ui-v1.15.0/client/assets/provider-icons/auth_service_mslive.svg
[debug] [2025-12-30T12:37:23.476Z] [unzip] Entry: client/assets/provider-icons/auth_service_yahoo.svg (compressed_size=577 bytes, uncompressed_size=1182 bytes)
[debug] [2025-12-30T12:37:23.476Z] [unzip] Processing entry: client/assets/provider-icons/auth_service_yahoo.svg
[debug] [2025-12-30T12:37:23.476Z] [unzip] else mkdir: /Users/theojohnsosa/.cache/firebase/emulators/ui-v1.15.0/client/assets/provider-icons
[debug] [2025-12-30T12:37:23.476Z] [unzip] deflating: /Users/theojohnsosa/.cache/firebase/emulators/ui-v1.15.0/client/assets/provider-icons/auth_service_yahoo.svg
[debug] [2025-12-30T12:37:23.477Z] [unzip] Entry: client/assets/provider-icons/auth_service_twitter.svg (compressed_size=444 bytes, uncompressed_size=751 bytes)
[debug] [2025-12-30T12:37:23.477Z] [unzip] Processing entry: client/assets/provider-icons/auth_service_twitter.svg
[debug] [2025-12-30T12:37:23.477Z] [unzip] else mkdir: /Users/theojohnsosa/.cache/firebase/emulators/ui-v1.15.0/client/assets/provider-icons
[debug] [2025-12-30T12:37:23.477Z] [unzip] deflating: /Users/theojohnsosa/.cache/firebase/emulators/ui-v1.15.0/client/assets/provider-icons/auth_service_twitter.svg
[debug] [2025-12-30T12:37:23.477Z] [unzip] Entry: client/assets/provider-icons/auth_service_play_games.svg (compressed_size=565 bytes, uncompressed_size=1173 bytes)
[debug] [2025-12-30T12:37:23.477Z] [unzip] Processing entry: client/assets/provider-icons/auth_service_play_games.svg
[debug] [2025-12-30T12:37:23.477Z] [unzip] else mkdir: /Users/theojohnsosa/.cache/firebase/emulators/ui-v1.15.0/client/assets/provider-icons
[debug] [2025-12-30T12:37:23.477Z] [unzip] deflating: /Users/theojohnsosa/.cache/firebase/emulators/ui-v1.15.0/client/assets/provider-icons/auth_service_play_games.svg
[debug] [2025-12-30T12:37:23.477Z] [unzip] Entry: client/assets/provider-icons/auth_service_email.svg (compressed_size=228 bytes, uncompressed_size=326 bytes)
[debug] [2025-12-30T12:37:23.477Z] [unzip] Processing entry: client/assets/provider-icons/auth_service_email.svg
[debug] [2025-12-30T12:37:23.477Z] [unzip] else mkdir: /Users/theojohnsosa/.cache/firebase/emulators/ui-v1.15.0/client/assets/provider-icons
[debug] [2025-12-30T12:37:23.477Z] [unzip] deflating: /Users/theojohnsosa/.cache/firebase/emulators/ui-v1.15.0/client/assets/provider-icons/auth_service_email.svg
[debug] [2025-12-30T12:37:23.478Z] [unzip] Entry: client/assets/provider-icons/auth_service_google.svg (compressed_size=409 bytes, uncompressed_size=720 bytes)
[debug] [2025-12-30T12:37:23.478Z] [unzip] Processing entry: client/assets/provider-icons/auth_service_google.svg
[debug] [2025-12-30T12:37:23.478Z] [unzip] else mkdir: /Users/theojohnsosa/.cache/firebase/emulators/ui-v1.15.0/client/assets/provider-icons
[debug] [2025-12-30T12:37:23.478Z] [unzip] deflating: /Users/theojohnsosa/.cache/firebase/emulators/ui-v1.15.0/client/assets/provider-icons/auth_service_google.svg
[debug] [2025-12-30T12:37:23.478Z] [unzip] Entry: client/assets/provider-icons/auth_service_oidc.svg (compressed_size=414 bytes, uncompressed_size=858 bytes)
[debug] [2025-12-30T12:37:23.478Z] [unzip] Processing entry: client/assets/provider-icons/auth_service_oidc.svg
[debug] [2025-12-30T12:37:23.478Z] [unzip] else mkdir: /Users/theojohnsosa/.cache/firebase/emulators/ui-v1.15.0/client/assets/provider-icons
[debug] [2025-12-30T12:37:23.478Z] [unzip] deflating: /Users/theojohnsosa/.cache/firebase/emulators/ui-v1.15.0/client/assets/provider-icons/auth_service_oidc.svg
[debug] [2025-12-30T12:37:23.478Z] [unzip] Entry: client/browserconfig.xml (compressed_size=491 bytes, uncompressed_size=822 bytes)
[debug] [2025-12-30T12:37:23.478Z] [unzip] Processing entry: client/browserconfig.xml
[debug] [2025-12-30T12:37:23.478Z] [unzip] else mkdir: /Users/theojohnsosa/.cache/firebase/emulators/ui-v1.15.0/client
[debug] [2025-12-30T12:37:23.478Z] [unzip] deflating: /Users/theojohnsosa/.cache/firebase/emulators/ui-v1.15.0/client/browserconfig.xml
[debug] [2025-12-30T12:37:23.478Z] [unzip] Entry: client/favicon-32x32.png (compressed_size=475 bytes, uncompressed_size=475 bytes)
[debug] [2025-12-30T12:37:23.478Z] [unzip] Processing entry: client/favicon-32x32.png
[debug] [2025-12-30T12:37:23.478Z] [unzip] else mkdir: /Users/theojohnsosa/.cache/firebase/emulators/ui-v1.15.0/client
[debug] [2025-12-30T12:37:23.478Z] [unzip] Writing file: /Users/theojohnsosa/.cache/firebase/emulators/ui-v1.15.0/client/favicon-32x32.png
[debug] [2025-12-30T12:37:23.479Z] [unzip] Entry: server/ (compressed_size=0 bytes, uncompressed_size=0 bytes)
[debug] [2025-12-30T12:37:23.479Z] [unzip] Processing entry: server/
[debug] [2025-12-30T12:37:23.479Z] [unzip] mkdir: /Users/theojohnsosa/.cache/firebase/emulators/ui-v1.15.0/server/
[debug] [2025-12-30T12:37:23.479Z] [unzip] Entry: server/server.mjs.map (compressed_size=217845 bytes, uncompressed_size=944978 bytes)
[debug] [2025-12-30T12:37:23.479Z] [unzip] Processing entry: server/server.mjs.map
[debug] [2025-12-30T12:37:23.479Z] [unzip] else mkdir: /Users/theojohnsosa/.cache/firebase/emulators/ui-v1.15.0/server
[debug] [2025-12-30T12:37:23.479Z] [unzip] deflating: /Users/theojohnsosa/.cache/firebase/emulators/ui-v1.15.0/server/server.mjs.map
[debug] [2025-12-30T12:37:23.481Z] [unzip] Entry: server/server.mjs (compressed_size=276407 bytes, uncompressed_size=933701 bytes)
[debug] [2025-12-30T12:37:23.481Z] [unzip] Processing entry: server/server.mjs
[debug] [2025-12-30T12:37:23.481Z] [unzip] else mkdir: /Users/theojohnsosa/.cache/firebase/emulators/ui-v1.15.0/server
[debug] [2025-12-30T12:37:23.481Z] [unzip] deflating: /Users/theojohnsosa/.cache/firebase/emulators/ui-v1.15.0/server/server.mjs
[debug] [2025-12-30T12:37:23.487Z] Could not find VSCode notification endpoint: FetchError: request to http://localhost:40001/vscode/notify failed, reason: . If you are not running the Firebase Data Connect VSCode extension, this is expected and not an issue.
[info] 
┌─────────────────────────────────────────────────────────────┐
│ ✔  All emulators ready! It is now safe to connect your app. │
│ i  View Emulator UI at http://127.0.0.1:4000/               │
└─────────────────────────────────────────────────────────────┘

┌────────────────┬────────────────┬────────────────────────────┐
│ Emulator       │ Host:Port      │ View in Emulator UI        │
├────────────────┼────────────────┼────────────────────────────┤
│ Authentication │ 127.0.0.1:9099 │ http://127.0.0.1:4000/auth │
└────────────────┴────────────────┴────────────────────────────┘
  Emulator Hub host: 127.0.0.1 port: 4400
  Other reserved ports: 4500

Issues? Report them at https://github.com/firebase/firebase-tools/issues and attach the *-debug.log files.
 
[debug] [2025-12-30T12:53:59.116Z] Received signal SIGHUP 1
[info]  
[info] i  emulators: Received SIGHUP for the first time. Starting a clean shutdown. 
[info] i  emulators: Please wait for a clean shutdown or send the SIGHUP signal again to stop right now. 
[debug] [2025-12-30T12:53:59.207Z] Error: write EIO
    at afterWriteDispatched (node:internal/stream_base_commons:159:15)
    at writeGeneric (node:internal/stream_base_commons:150:3)
    at Socket._writeGeneric (node:net:966:11)
    at Socket._write (node:net:978:8)
    at writeOrBuffer (node:internal/streams/writable:572:12)
    at _write (node:internal/streams/writable:501:10)
    at Writable.write (node:internal/streams/writable:510:10)
    at Console.log (/Users/theojohnsosa/.nvm/versions/node/v22.19.0/lib/node_modules/firebase-tools/node_modules/winston/lib/winston/transports/console.js:87:23)
    at Console._write (/Users/theojohnsosa/.nvm/versions/node/v22.19.0/lib/node_modules/firebase-tools/node_modules/winston-transport/modern.js:103:17)
    at doWrite (/Users/theojohnsosa/.nvm/versions/node/v22.19.0/lib/node_modules/firebase-tools/node_modules/winston-transport/node_modules/readable-stream/lib/_stream_writable.js:390:139)
[error] 
[error] Error: An unexpected error has occurred.
[debug] [2025-12-30T12:53:59.209Z] Error: write EIO
    at afterWriteDispatched (node:internal/stream_base_commons:159:15)
    at writeGeneric (node:internal/stream_base_commons:150:3)
    at Socket._writeGeneric (node:net:966:11)
    at Socket._write (node:net:978:8)
    at writeOrBuffer (node:internal/streams/writable:572:12)
    at _write (node:internal/streams/writable:501:10)
    at Writable.write (node:internal/streams/writable:510:10)
    at Console.log (/Users/theojohnsosa/.nvm/versions/node/v22.19.0/lib/node_modules/firebase-tools/node_modules/winston/lib/winston/transports/console.js:87:23)
    at Console._write (/Users/theojohnsosa/.nvm/versions/node/v22.19.0/lib/node_modules/firebase-tools/node_modules/winston-transport/modern.js:103:17)
    at doWrite (/Users/theojohnsosa/.nvm/versions/node/v22.19.0/lib/node_modules/firebase-tools/node_modules/winston-transport/node_modules/readable-stream/lib/_stream_writable.js:390:139)
[error] 
[error] Error: An unexpected error has occurred.
[debug] [2025-12-30T12:53:59.220Z] Error: write EIO
    at afterWriteDispatched (node:internal/stream_base_commons:159:15)
    at writeGeneric (node:internal/stream_base_commons:150:3)
    at Socket._writeGeneric (node:net:966:11)
    at Socket._write (node:net:978:8)
    at writeOrBuffer (node:internal/streams/writable:572:12)
    at _write (node:internal/streams/writable:501:10)
    at Writable.write (node:internal/streams/writable:510:10)
    at Console.log (/Users/theojohnsosa/.nvm/versions/node/v22.19.0/lib/node_modules/firebase-tools/node_modules/winston/lib/winston/transports/console.js:87:23)
    at Console._write (/Users/theojohnsosa/.nvm/versions/node/v22.19.0/lib/node_modules/firebase-tools/node_modules/winston-transport/modern.js:103:17)
    at doWrite (/Users/theojohnsosa/.nvm/versions/node/v22.19.0/lib/node_modules/firebase-tools/node_modules/winston-transport/node_modules/readable-stream/lib/_stream_writable.js:390:139)
[error] 
[error] Error: An unexpected error has occurred.
[debug] [2025-12-30T12:53:59.225Z] Error: write EIO
    at afterWriteDispatched (node:internal/stream_base_commons:159:15)
    at writeGeneric (node:internal/stream_base_commons:150:3)
    at Socket._writeGeneric (node:net:966:11)
    at Socket._write (node:net:978:8)
    at writeOrBuffer (node:internal/streams/writable:572:12)
    at _write (node:internal/streams/writable:501:10)
    at Writable.write (node:internal/streams/writable:510:10)
    at Console.log (/Users/theojohnsosa/.nvm/versions/node/v22.19.0/lib/node_modules/firebase-tools/node_modules/winston/lib/winston/transports/console.js:87:23)
    at Console._write (/Users/theojohnsosa/.nvm/versions/node/v22.19.0/lib/node_modules/firebase-tools/node_modules/winston-transport/modern.js:103:17)
    at doWrite (/Users/theojohnsosa/.nvm/versions/node/v22.19.0/lib/node_modules/firebase-tools/node_modules/winston-transport/node_modules/readable-stream/lib/_stream_writable.js:390:139)
[error] 
[error] Error: An unexpected error has occurred.
[debug] [2025-12-30T12:53:59.225Z] Error: write EIO
    at afterWriteDispatched (node:internal/stream_base_commons:159:15)
    at writeGeneric (node:internal/stream_base_commons:150:3)
    at Socket._writeGeneric (node:net:966:11)
    at Socket._write (node:net:978:8)
    at writeOrBuffer (node:internal/streams/writable:572:12)
    at _write (node:internal/streams/writable:501:10)
    at Writable.write (node:internal/streams/writable:510:10)
    at Console.log (/Users/theojohnsosa/.nvm/versions/node/v22.19.0/lib/node_modules/firebase-tools/node_modules/winston/lib/winston/transports/console.js:87:23)
    at Console._write (/Users/theojohnsosa/.nvm/versions/node/v22.19.0/lib/node_modules/firebase-tools/node_modules/winston-transport/modern.js:103:17)
    at doWrite (/Users/theojohnsosa/.nvm/versions/node/v22.19.0/lib/node_modules/firebase-tools/node_modules/winston-transport/node_modules/readable-stream/lib/_stream_writable.js:390:139)
[error] 
[error] Error: An unexpected error has occurred.
[debug] [2025-12-30T12:53:59.230Z] Error: write EIO
    at afterWriteDispatched (node:internal/stream_base_commons:159:15)
    at writeGeneric (node:internal/stream_base_commons:150:3)
    at Socket._writeGeneric (node:net:966:11)
    at Socket._write (node:net:978:8)
    at writeOrBuffer (node:internal/streams/writable:572:12)
    at _write (node:internal/streams/writable:501:10)
    at Writable.write (node:internal/streams/writable:510:10)
    at Console.log (/Users/theojohnsosa/.nvm/versions/node/v22.19.0/lib/node_modules/firebase-tools/node_modules/winston/lib/winston/transports/console.js:87:23)
    at Console._write (/Users/theojohnsosa/.nvm/versions/node/v22.19.0/lib/node_modules/firebase-tools/node_modules/winston-transport/modern.js:103:17)
    at doWrite (/Users/theojohnsosa/.nvm/versions/node/v22.19.0/lib/node_modules/firebase-tools/node_modules/winston-transport/node_modules/readable-stream/lib/_stream_writable.js:390:139)
[error] 
[error] Error: An unexpected error has occurred.
[debug] [2025-12-30T12:53:59.235Z] Error: write EIO
    at afterWriteDispatched (node:internal/stream_base_commons:159:15)
    at writeGeneric (node:internal/stream_base_commons:150:3)
    at Socket._writeGeneric (node:net:966:11)
    at Socket._write (node:net:978:8)
    at writeOrBuffer (node:internal/streams/writable:572:12)
    at _write (node:internal/streams/writable:501:10)
    at Writable.write (node:internal/streams/writable:510:10)
    at Console.log (/Users/theojohnsosa/.nvm/versions/node/v22.19.0/lib/node_modules/firebase-tools/node_modules/winston/lib/winston/transports/console.js:87:23)
    at Console._write (/Users/theojohnsosa/.nvm/versions/node/v22.19.0/lib/node_modules/firebase-tools/node_modules/winston-transport/modern.js:103:17)
    at doWrite (/Users/theojohnsosa/.nvm/versions/node/v22.19.0/lib/node_modules/firebase-tools/node_modules/winston-transport/node_modules/readable-stream/lib/_stream_writable.js:390:139)
[error] 
[error] Error: An unexpected error has occurred.
[debug] [2025-12-30T12:53:59.237Z] Error: write EIO
    at afterWriteDispatched (node:internal/stream_base_commons:159:15)
    at writeGeneric (node:internal/stream_base_commons:150:3)
    at Socket._writeGeneric (node:net:966:11)
    at Socket._write (node:net:978:8)
    at writeOrBuffer (node:internal/streams/writable:572:12)
    at _write (node:internal/streams/writable:501:10)
    at Writable.write (node:internal/streams/writable:510:10)
    at Console.log (/Users/theojohnsosa/.nvm/versions/node/v22.19.0/lib/node_modules/firebase-tools/node_modules/winston/lib/winston/transports/console.js:87:23)
    at Console._write (/Users/theojohnsosa/.nvm/versions/node/v22.19.0/lib/node_modules/firebase-tools/node_modules/winston-transport/modern.js:103:17)
    at doWrite (/Users/theojohnsosa/.nvm/versions/node/v22.19.0/lib/node_modules/firebase-tools/node_modules/winston-transport/node_modules/readable-stream/lib/_stream_writable.js:390:139)
[error] 
[error] Error: An unexpected error has occurred.
[debug] [2025-12-30T12:53:59.238Z] Error: write EIO
    at afterWriteDispatched (node:internal/stream_base_commons:159:15)
    at writeGeneric (node:internal/stream_base_commons:150:3)
    at Socket._writeGeneric (node:net:966:11)
    at Socket._write (node:net:978:8)
    at writeOrBuffer (node:internal/streams/writable:572:12)
    at _write (node:internal/streams/writable:501:10)
    at Writable.write (node:internal/streams/writable:510:10)
    at Console.log (/Users/theojohnsosa/.nvm/versions/node/v22.19.0/lib/node_modules/firebase-tools/node_modules/winston/lib/winston/transports/console.js:87:23)
    at Console._write (/Users/theojohnsosa/.nvm/versions/node/v22.19.0/lib/node_modules/firebase-tools/node_modules/winston-transport/modern.js:103:17)
    at doWrite (/Users/theojohnsosa/.nvm/versions/node/v22.19.0/lib/node_modules/firebase-tools/node_modules/winston-transport/node_modules/readable-stream/lib/_stream_writable.js:390:139)
[error] 
[error] Error: An unexpected error has occurred.
[debug] [2025-12-30T12:53:59.239Z] Error: write EIO
    at afterWriteDispatched (node:internal/stream_base_commons:159:15)
    at writeGeneric (node:internal/stream_base_commons:150:3)
    at Socket._writeGeneric (node:net:966:11)
    at Socket._write (node:net:978:8)
    at writeOrBuffer (node:internal/streams/writable:572:12)
    at _write (node:internal/streams/writable:501:10)
    at Writable.write (node:internal/streams/writable:510:10)
    at Console.log (/Users/theojohnsosa/.nvm/versions/node/v22.19.0/lib/node_modules/firebase-tools/node_modules/winston/lib/winston/transports/console.js:87:23)
    at Console._write (/Users/theojohnsosa/.nvm/versions/node/v22.19.0/lib/node_modules/firebase-tools/node_modules/winston-transport/modern.js:103:17)
    at doWrite (/Users/theojohnsosa/.nvm/versions/node/v22.19.0/lib/node_modules/firebase-tools/node_modules/winston-transport/node_modules/readable-stream/lib/_stream_writable.js:390:139)
[error] 
[error] Error: An unexpected error has occurred.
[debug] [2025-12-30T12:53:59.289Z] Error: write EIO
    at afterWriteDispatched (node:internal/stream_base_commons:159:15)
    at writeGeneric (node:internal/stream_base_commons:150:3)
    at Socket._writeGeneric (node:net:966:11)
    at Socket._write (node:net:978:8)
    at writeOrBuffer (node:internal/streams/writable:572:12)
    at _write (node:internal/streams/writable:501:10)
    at Writable.write (node:internal/streams/writable:510:10)
    at Console.log (/Users/theojohnsosa/.nvm/versions/node/v22.19.0/lib/node_modules/firebase-tools/node_modules/winston/lib/winston/transports/console.js:87:23)
    at Console._write (/Users/theojohnsosa/.nvm/versions/node/v22.19.0/lib/node_modules/firebase-tools/node_modules/winston-transport/modern.js:103:17)
    at doWrite (/Users/theojohnsosa/.nvm/versions/node/v22.19.0/lib/node_modules/firebase-tools/node_modules/winston-transport/node_modules/readable-stream/lib/_stream_writable.js:390:139)
[error] 
[error] Error: An unexpected error has occurred.
[debug] [2025-12-30T12:53:59.290Z] Error: write EIO
    at afterWriteDispatched (node:internal/stream_base_commons:159:15)
    at writeGeneric (node:internal/stream_base_commons:150:3)
    at Socket._writeGeneric (node:net:966:11)
    at Socket._write (node:net:978:8)
    at writeOrBuffer (node:internal/streams/writable:572:12)
    at _write (node:internal/streams/writable:501:10)
    at Writable.write (node:internal/streams/writable:510:10)
    at Console.log (/Users/theojohnsosa/.nvm/versions/node/v22.19.0/lib/node_modules/firebase-tools/node_modules/winston/lib/winston/transports/console.js:87:23)
    at Console._write (/Users/theojohnsosa/.nvm/versions/node/v22.19.0/lib/node_modules/firebase-tools/node_modules/winston-transport/modern.js:103:17)
    at doWrite (/Users/theojohnsosa/.nvm/versions/node/v22.19.0/lib/node_modules/firebase-tools/node_modules/winston-transport/node_modules/readable-stream/lib/_stream_writable.js:390:139)
[error] 
[error] Error: An unexpected error has occurred.
[debug] [2025-12-30T12:53:59.292Z] Error: write EIO
    at afterWriteDispatched (node:internal/stream_base_commons:159:15)
    at writeGeneric (node:internal/stream_base_commons:150:3)
    at Socket._writeGeneric (node:net:966:11)
    at Socket._write (node:net:978:8)
    at writeOrBuffer (node:internal/streams/writable:572:12)
    at _write (node:internal/streams/writable:501:10)
    at Writable.write (node:internal/streams/writable:510:10)
    at Console.log (/Users/theojohnsosa/.nvm/versions/node/v22.19.0/lib/node_modules/firebase-tools/node_modules/winston/lib/winston/transports/console.js:87:23)
    at Console._write (/Users/theojohnsosa/.nvm/versions/node/v22.19.0/lib/node_modules/firebase-tools/node_modules/winston-transport/modern.js:103:17)
    at doWrite (/Users/theojohnsosa/.nvm/versions/node/v22.19.0/lib/node_modules/firebase-tools/node_modules/winston-transport/node_modules/readable-stream/lib/_stream_writable.js:390:139)
[error] 
[error] Error: An unexpected error has occurred.
[debug] [2025-12-30T12:53:59.292Z] Error: write EIO
    at afterWriteDispatched (node:internal/stream_base_commons:159:15)
    at writeGeneric (node:internal/stream_base_commons:150:3)
    at Socket._writeGeneric (node:net:966:11)
    at Socket._write (node:net:978:8)
    at writeOrBuffer (node:internal/streams/writable:572:12)
    at _write (node:internal/streams/writable:501:10)
    at Writable.write (node:internal/streams/writable:510:10)
    at Console.log (/Users/theojohnsosa/.nvm/versions/node/v22.19.0/lib/node_modules/firebase-tools/node_modules/winston/lib/winston/transports/console.js:87:23)
    at Console._write (/Users/theojohnsosa/.nvm/versions/node/v22.19.0/lib/node_modules/firebase-tools/node_modules/winston-transport/modern.js:103:17)
    at doWrite (/Users/theojohnsosa/.nvm/versions/node/v22.19.0/lib/node_modules/firebase-tools/node_modules/winston-transport/node_modules/readable-stream/lib/_stream_writable.js:390:139)
[error] 
[error] Error: An unexpected error has occurred.
[debug] [2025-12-30T12:53:59.293Z] Error: write EIO
    at afterWriteDispatched (node:internal/stream_base_commons:159:15)
    at writeGeneric (node:internal/stream_base_commons:150:3)
    at Socket._writeGeneric (node:net:966:11)
    at Socket._write (node:net:978:8)
    at writeOrBuffer (node:internal/streams/writable:572:12)
    at _write (node:internal/streams/writable:501:10)
    at Writable.write (node:internal/streams/writable:510:10)
    at Console.log (/Users/theojohnsosa/.nvm/versions/node/v22.19.0/lib/node_modules/firebase-tools/node_modules/winston/lib/winston/transports/console.js:87:23)
    at Console._write (/Users/theojohnsosa/.nvm/versions/node/v22.19.0/lib/node_modules/firebase-tools/node_modules/winston-transport/modern.js:103:17)
    at doWrite (/Users/theojohnsosa/.nvm/versions/node/v22.19.0/lib/node_modules/firebase-tools/node_modules/winston-transport/node_modules/readable-stream/lib/_stream_writable.js:390:139)
[error] 
[error] Error: An unexpected error has occurred.
[debug] [2025-12-30T12:53:59.293Z] Error: write EIO
    at afterWriteDispatched (node:internal/stream_base_commons:159:15)
    at writeGeneric (node:internal/stream_base_commons:150:3)
    at Socket._writeGeneric (node:net:966:11)
    at Socket._write (node:net:978:8)
    at writeOrBuffer (node:internal/streams/writable:572:12)
    at _write (node:internal/streams/writable:501:10)
    at Writable.write (node:internal/streams/writable:510:10)
    at Console.log (/Users/theojohnsosa/.nvm/versions/node/v22.19.0/lib/node_modules/firebase-tools/node_modules/winston/lib/winston/transports/console.js:87:23)
    at Console._write (/Users/theojohnsosa/.nvm/versions/node/v22.19.0/lib/node_modules/firebase-tools/node_modules/winston-transport/modern.js:103:17)
    at doWrite (/Users/theojohnsosa/.nvm/versions/node/v22.19.0/lib/node_modules/firebase-tools/node_modules/winston-transport/node_modules/readable-stream/lib/_stream_writable.js:390:139)
[error] 
[error] Error: An unexpected error has occurred.
[debug] [2025-12-30T12:53:59.293Z] Error: write EIO
    at afterWriteDispatched (node:internal/stream_base_commons:159:15)
    at writeGeneric (node:internal/stream_base_commons:150:3)
    at Socket._writeGeneric (node:net:966:11)
    at Socket._write (node:net:978:8)
    at writeOrBuffer (node:internal/streams/writable:572:12)
    at _write (node:internal/streams/writable:501:10)
    at Writable.write (node:internal/streams/writable:510:10)
    at Console.log (/Users/theojohnsosa/.nvm/versions/node/v22.19.0/lib/node_modules/firebase-tools/node_modules/winston/lib/winston/transports/console.js:87:23)
    at Console._write (/Users/theojohnsosa/.nvm/versions/node/v22.19.0/lib/node_modules/firebase-tools/node_modules/winston-transport/modern.js:103:17)
    at doWrite (/Users/theojohnsosa/.nvm/versions/node/v22.19.0/lib/node_modules/firebase-tools/node_modules/winston-transport/node_modules/readable-stream/lib/_stream_writable.js:390:139)
[error] 
[error] Error: An unexpected error has occurred.
[debug] [2025-12-30T12:53:59.294Z] Error: write EIO
    at afterWriteDispatched (node:internal/stream_base_commons:159:15)
    at writeGeneric (node:internal/stream_base_commons:150:3)
    at Socket._writeGeneric (node:net:966:11)
    at Socket._write (node:net:978:8)
    at writeOrBuffer (node:internal/streams/writable:572:12)
    at _write (node:internal/streams/writable:501:10)
    at Writable.write (node:internal/streams/writable:510:10)
    at Console.log (/Users/theojohnsosa/.nvm/versions/node/v22.19.0/lib/node_modules/firebase-tools/node_modules/winston/lib/winston/transports/console.js:87:23)
    at Console._write (/Users/theojohnsosa/.nvm/versions/node/v22.19.0/lib/node_modules/firebase-tools/node_modules/winston-transport/modern.js:103:17)
    at doWrite (/Users/theojohnsosa/.nvm/versions/node/v22.19.0/lib/node_modules/firebase-tools/node_modules/winston-transport/node_modules/readable-stream/lib/_stream_writable.js:390:139)
[error] 
[error] Error: An unexpected error has occurred.
